2026-09-13 09:00:01 INFO Server started on port 8080
2026-09-13 09:00:03 INFO Database connection established
2026-09-13 09:00:05 INFO User admin logged in
2026-09-13 09:01:12 WARN High memory usage detected: 82%
2026-09-13 09:02:34 INFO New user registered: user_5521
2026-09-13 09:03:01 ERROR Failed to connect to payment gateway
2026-09-13 09:03:05 ERROR Retry attempt 1 failed
2026-09-13 09:03:10 INFO Retry attempt 2 succeeded
2026-09-13 09:04:22 WARN Disk space below 15%
2026-09-13 09:05:00 INFO Scheduled backup started
2026-09-13 09:05:45 INFO Scheduled backup completed successfully
2026-09-13 09:06:30 ERROR Null pointer exception in module OrderProcessor
2026-09-13 09:07:11 WARN API response time exceeded 2000ms
2026-09-13 09:08:02 INFO User admin logged out
2026-09-13 09:09:15 INFO Cache cleared
2026-09-13 09:10:00 ERROR Database connection timeout
2026-09-13 09:10:05 INFO Reconnecting to database
2026-09-13 09:10:08 INFO Database reconnected successfully
2026-09-13 09:11:20 WARN Unusual login attempt from IP 192.168.1.45
2026-09-13 09:12:00 INFO Session token refreshed
2026-09-13 09:13:45 ERROR Failed to send email notification
2026-09-13 09:14:10 INFO Email queued for retry
2026-09-13 09:15:00 INFO Health check passed
2026-09-13 09:16:30 WARN CPU usage spiked to 91%
2026-09-13 09:17:00 INFO Load balancer rerouted traffic
2026-09-13 09:18:22 ERROR Unhandled exception in request handler